// Jest Snapshot v1, https://goo.gl/fbAQLP

exports[`Render DateInput render correctly date component 1`] = `
<div
  className="datetimepicker-wrapper"
  data-testid="todtp-id"
>
  <label
    className="picker-label"
  >
    From
  </label>
  <input
    className="datetimepicker"
    data-testid="todtp-input"
    max="2020-09-23T01:48:54"
    min="2020-09-12T13:20:30"
    onChange={[Function]}
    type="datetime-local"
    value="2020-09-15T13:20:30"
  />
</div>
`;
